11668473290997.67 1062   kworker/6:3    --- stddev: 332017702211.92
11524506520777.92 54     ksoftirqd/6    --- stddev: 304077889594.49
11294521212606.89 127    kworker/5:1    --- stddev: 10475951998.32
11277365320564.64 48     ksoftirqd/5    --- stddev: 29323902046.06
10713200005492.25 31     kworker/2:0    --- stddev: 347680107179.07
10624966565193.84 30     ksoftirqd/2    --- stddev: 327068269324.43
10169327734891.22 1961   kworker/u20:2  --- stddev: 52948133603.50
10158160598418.50 304    jbd2/sda2-8    --- stddev: 919826296898.78
9852891884894.64 8      kworker/0:0    --- stddev: 180704299094.85
9818843131875.83 16     ksoftirqd/0    --- stddev: 200616594304.29
9346408658269.46 233    kworker/7:2    --- stddev: 33666092466.32
9335540448643.14 60     ksoftirqd/7    --- stddev: 20562356586.02
9301388528698.82 2464   kworker/u20:4  --- stddev: 614831821684.74
9249011964277.54 43     kworker/4:0    --- stddev: 285765482949.70
8994011240501.73 42     ksoftirqd/4    --- stddev: 339544954056.53
8961334789870.86 17     rcu_preempt    --- stddev: 2162034290513.04
8892719155059.06 134    kworker/9:3    --- stddev: 286113972476.54
8868127191629.36 2458   kworker/u20:3  --- stddev: 389536719625.57
8755526192869.20 72     ksoftirqd/9    --- stddev: 301384004417.40
8613188627783.62 24     ksoftirqd/1    --- stddev: 309442722151.95
8578077921963.94 442    kworker/1:3    --- stddev: 283761526316.61
6132016823387.02 2526   stress-ng-user --- stddev: 469105491930.62
6130473735475.49 2524   stress-ng-user --- stddev: 471986694875.66
6069159423343.23 2504   stress-ng-cpu  --- stddev: 746081452795.09
6006006091638.31 66     ksoftirqd/8    --- stddev: 43980907032.16
6001290420114.12 2457   kworker/8:1    --- stddev: 54121200172.61
5997042246650.15 2510   stress-ng-cpu  --- stddev: 938577297287.15
5916418732382.01 2502   stress-ng-cpu  --- stddev: 1120234880256.89
5759763433890.46 2508   stress-ng-cpu  --- stddev: 1259745399453.74
5691469983762.76 2509   stress-ng-cpu  --- stddev: 1429077289127.23
5360829607417.48 2501   stress-ng-cpu  --- stddev: 1207250819283.42
5353940118191.99 2579   scheduler_deep --- stddev: 1346664303052.38
5297773790993.38 2505   stress-ng-cpu  --- stddev: 1501703147770.70
5012204987634.19 2506   stress-ng-cpu  --- stddev: 1180991780028.05
4990628026976.94 2507   stress-ng-cpu  --- stddev: 1323542610877.05
4733500620414.08 2503   stress-ng-cpu  --- stddev: 1412381276280.17
4364263475872.00 82     kcompactd0     --- stddev: 1604617153801.41
3925001915850.89 1889   kworker/3:2    --- stddev: 317884160675.91
3826280041431.10 36     ksoftirqd/3    --- stddev: 307507777086.00
712563369593.00 695    systemd-resolv --- stddev: 0.00
712555680555.07 608    systemd-networ --- stddev: 4774667.54
111954266.43 1      systemd        --- stddev: 115754830.29
5600000.00 2527   stress-ng-prio --- stddev: 0.00
0.00 426    multipathd     --- stddev: 0.00
0.00 0      swapper/9      --- stddev: 0.00
0.00 0      swapper/8      --- stddev: 0.00
0.00 0      swapper/7      --- stddev: 0.00
0.00 0      swapper/6      --- stddev: 0.00
0.00 0      swapper/5      --- stddev: 0.00
0.00 0      swapper/4      --- stddev: 0.00
0.00 0      swapper/3      --- stddev: 0.00
0.00 0      swapper/2      --- stddev: 0.00
0.00 0      swapper/0      --- stddev: 0.00
-20.00 41     migration/4    --- stddev: 0.00
-21.00 53     migration/6    --- stddev: 0.00
-42.00 29     migration/2    --- stddev: 0.00
-42.00 23     migration/1    --- stddev: 0.00
-62.00 65     migration/8    --- stddev: 0.00
-63.00 35     migration/3    --- stddev: 0.00
-63.00 18     migration/0    --- stddev: 0.00
-166.00 59     migration/7    --- stddev: 0.00
-229.00 47     migration/5    --- stddev: 0.00
-2334.00 2528   stress-ng-prio --- stddev: 0.00
-5324.00 2525   stress-ng-prio --- stddev: 0.00
-22181.00 71     migration/9    --- stddev: 0.00
