41588612916213.00 36     ksoftirqd/3    --- stddev: 43833833087.20
41563183034635.30 304    jbd2/sda2-8    --- stddev: 28985564115.23
41536178300964.62 10967  kworker/3:0    --- stddev: 47968147799.94
41134321645250.83 394    kworker/1:2    --- stddev: 35713684373.09
40472035986569.95 2212   kworker/4:5    --- stddev: 124149635581.54
40451949604938.40 42     ksoftirqd/4    --- stddev: 137193275062.59
40030489966431.90 54     ksoftirqd/6    --- stddev: 53932688643.50
40014724489438.99 12126  kworker/6:1    --- stddev: 51955427511.79
40008428457183.99 82     kcompactd0     --- stddev: 49778232255.94
38430726101933.90 48     ksoftirqd/5    --- stddev: 81053009708.38
38428024357951.63 652    kworker/5:2    --- stddev: 56882584805.28
37946014339577.44 12767  kworker/u20:3  --- stddev: 4067590415841.87
35975963555926.05 8      kworker/0:0    --- stddev: 81380725360.15
35963536041555.30 16     ksoftirqd/0    --- stddev: 96587695387.79
35231559439731.66 9890   kworker/9:0    --- stddev: 138902036391.66
35183112948109.64 72     ksoftirqd/9    --- stddev: 139328090783.22
34885786020680.90 2324   kworker/7:2    --- stddev: 36991690148.07
34709823744414.48 17     rcu_preempt    --- stddev: 1808045138607.69
34514588104640.20 12616  kworker/u20:0  --- stddev: 4143493238396.96
33919703784688.71 66     ksoftirqd/8    --- stddev: 85449631424.69
33912136764350.71 229    kworker/8:2    --- stddev: 65707457823.22
32031844334420.61 2129   kworker/2:2    --- stddev: 103684981433.38
31894997012802.27 30     ksoftirqd/2    --- stddev: 168823091087.58
26850054186690.64 12597  stress-ng-cpu  --- stddev: 1851394750986.21
26373015856106.96 12752  stress-ng-cpu  --- stddev: 2074491048329.25
26369371207929.53 12755  stress-ng-cpu  --- stddev: 1864714090595.26
25603943988073.19 12788  scheduler_deep --- stddev: 1728525701131.82
25451406647330.78 12751  stress-ng-cpu  --- stddev: 1970610132115.80
25405921449741.54 12596  stress-ng-cpu  --- stddev: 2580240673626.30
25302008689167.38 12754  stress-ng-cpu  --- stddev: 1619816196005.08
25121752035994.48 12756  stress-ng-cpu  --- stddev: 1642464403108.38
25063793745139.15 12750  stress-ng-cpu  --- stddev: 2063712950827.06
25057808828307.18 12757  stress-ng-cpu  --- stddev: 1372284104128.02
25017100297884.00 12759  stress-ng-cpu  --- stddev: 1350919528549.34
24894317291737.50 12600  stress-ng-cpu  --- stddev: 1513532683794.57
24838743947900.26 12602  stress-ng-cpu  --- stddev: 1950412560467.51
24796413097555.50 12598  stress-ng-cpu  --- stddev: 951854128572.70
24778392896115.09 12605  stress-ng-cpu  --- stddev: 1709522149907.61
24490314577126.08 12604  stress-ng-cpu  --- stddev: 1400715955145.06
24282684686247.86 12599  stress-ng-cpu  --- stddev: 1373345890560.21
24239057295728.82 12773  stress-ng-user --- stddev: 1407712142240.44
24236388052440.25 12777  stress-ng-user --- stddev: 1398237284643.93
24181911815859.05 12601  stress-ng-cpu  --- stddev: 2222302692699.09
24072454493364.74 12603  stress-ng-cpu  --- stddev: 2022878086151.04
23873887389873.94 12611  stress-ng-user --- stddev: 2025595366358.82
23857783293004.48 12612  stress-ng-user --- stddev: 2030643346192.70
23779578799999.81 12753  stress-ng-cpu  --- stddev: 2352681127321.31
23753799902333.69 12758  stress-ng-cpu  --- stddev: 1397760074272.10
23152486129663.00 12718  screen         --- stddev: 0.00
276627509978.44 11695  GUsbEventThrea --- stddev: 45621.27
175098636307.06 11695  gmain          --- stddev: 2471636.46
5044104.00 12774  stress-ng-prio --- stddev: 0.00
3164616.00 12776  stress-ng-prio --- stddev: 0.00
416292.00 12613  stress-ng-prio --- stddev: 0.00
0.00 423    multipathd     --- stddev: 0.00
0.00 0      swapper/9      --- stddev: 0.00
0.00 0      swapper/8      --- stddev: 0.00
0.00 0      swapper/7      --- stddev: 0.00
0.00 0      swapper/6      --- stddev: 0.00
0.00 0      swapper/5      --- stddev: 0.00
0.00 0      swapper/4      --- stddev: 0.00
0.00 0      swapper/3      --- stddev: 0.00
0.00 0      swapper/2      --- stddev: 0.00
0.00 0      swapper/1      --- stddev: 0.00
0.00 0      swapper/0      --- stddev: 0.00
-1.00 71     migration/9    --- stddev: 0.00
-62.00 59     migration/7    --- stddev: 0.00
-62.00 29     migration/2    --- stddev: 0.00
-82.00 35     migration/3    --- stddev: 0.00
-83.00 65     migration/8    --- stddev: 0.00
-104.00 47     migration/5    --- stddev: 0.00
-312.00 53     migration/6    --- stddev: 0.00
-437.00 41     migration/4    --- stddev: 0.00
-1125.00 23     migration/1    --- stddev: 0.00
-2024.00 12615  stress-ng-prio --- stddev: 0.00
-12245.00 12614  stress-ng-prio --- stddev: 0.00
-25544.00 18     migration/0    --- stddev: 0.00
-28044.00 12775  stress-ng-prio --- stddev: 0.00
