153860889278.71 30     ksoftirqd/2    --- stddev: 53293320080.08
152852140329.08 579    kworker/8:3    --- stddev: 45848654592.71
151801673871.29 66     ksoftirqd/8    --- stddev: 59149783223.78
151696182734.55 1062   kworker/6:3    --- stddev: 42553772511.35
148783895028.19 105    kworker/u20:2  --- stddev: 19148613495.30
148360031687.62 304    jbd2/sda2-8    --- stddev: 29812539159.07
146899488101.38 205    kworker/5:2    --- stddev: 39762076093.62
144185371697.33 31     kworker/2:0    --- stddev: 41632600363.84
142751916590.17 72     ksoftirqd/9    --- stddev: 51992134238.88
139296967105.57 37     kworker/3:0    --- stddev: 39879993649.50
138812107405.56 16     ksoftirqd/0    --- stddev: 57886560495.79
138083958449.07 82     kcompactd0     --- stddev: 41823497733.09
133351059332.82 43     kworker/4:0    --- stddev: 39660697285.36
129645154266.14 36     ksoftirqd/3    --- stddev: 47438052147.65
127755645061.42 194    kworker/7:1    --- stddev: 43931721979.12
126587073800.37 442    kworker/1:3    --- stddev: 41439621717.76
126250077683.08 8      kworker/0:0    --- stddev: 47362728813.88
126084834001.14 11     kworker/u20:0  --- stddev: 50550926748.57
125531649383.14 24     ksoftirqd/1    --- stddev: 51218885205.50
125235394558.33 42     ksoftirqd/4    --- stddev: 46403577217.74
125093605711.27 17     rcu_preempt    --- stddev: 56203810975.56
115027143719.71 134    kworker/9:3    --- stddev: 35959028638.69
17956747012.75 1222   stress-ng-cpu  --- stddev: 3249516442.64
14506511808.25 1220   stress-ng-cpu  --- stddev: 4228600862.04
13669456204.70 1218   stress-ng-cpu  --- stddev: 3806122270.44
13414774723.83 1217   stress-ng-cpu  --- stddev: 3414043919.81
13232979797.56 1223   stress-ng-cpu  --- stddev: 4965444851.60
12353600454.84 1225   stress-ng-cpu  --- stddev: 2569746514.15
12299879962.03 1229   scheduler_deep --- stddev: 3914964699.94
12262181427.51 1224   stress-ng-cpu  --- stddev: 3110428077.31
12047779211.50 1219   stress-ng-cpu  --- stddev: 4584647953.61
9908037995.59 1226   stress-ng-cpu  --- stddev: 2809781708.37
9161611307.87 1221   stress-ng-cpu  --- stddev: 3964801860.31
0.00 426    multipathd     --- stddev: 0.00
-20.00 41     migration/4    --- stddev: 0.00
-21.00 53     migration/6    --- stddev: 0.00
-42.00 29     migration/2    --- stddev: 0.00
-42.00 23     migration/1    --- stddev: 0.00
-62.00 65     migration/8    --- stddev: 0.00
-63.00 35     migration/3    --- stddev: 0.00
-63.00 18     migration/0    --- stddev: 0.00
-166.00 59     migration/7    --- stddev: 0.00
-229.00 47     migration/5    --- stddev: 0.00
-22181.00 71     migration/9    --- stddev: 0.00
