413540465499.14 48     ksoftirqd/5    --- stddev: 37868584069.08
381893705759.76 31     kworker/2:0    --- stddev: 54221280424.49
381729334573.38 107    kworker/u20:3  --- stddev: 40586752399.91
374804147041.45 37     kworker/3:0    --- stddev: 50518475435.35
370941980417.00 54     ksoftirqd/6    --- stddev: 61688305309.83
365313962248.33 304    jbd2/sda2-8    --- stddev: 45978220910.21
364522145754.44 16     ksoftirqd/0    --- stddev: 50004109986.91
364085157586.17 8      kworker/0:0    --- stddev: 47669422394.49
363037943077.63 1062   kworker/6:3    --- stddev: 44955375274.18
359374680754.00 127    kworker/5:1    --- stddev: 48140012621.77
358203920360.37 82     kcompactd0     --- stddev: 43793515450.45
355948159387.89 442    kworker/1:3    --- stddev: 47034427321.13
354055613954.70 579    kworker/8:3    --- stddev: 46892878861.41
352492889284.46 105    kworker/u20:2  --- stddev: 57260550114.30
351126399343.11 24     ksoftirqd/1    --- stddev: 50648502558.60
340693690709.75 42     ksoftirqd/4    --- stddev: 43955883461.86
340623272440.71 134    kworker/9:3    --- stddev: 34909599627.61
335247541644.30 43     kworker/4:0    --- stddev: 46847936569.69
334373720524.18 17     rcu_preempt    --- stddev: 51118545563.59
333273749070.67 115    kworker/7:1H   --- stddev: 16555523886.69
332890192552.22 72     ksoftirqd/9    --- stddev: 48798491649.91
326020484274.00 66     ksoftirqd/8    --- stddev: 40554270334.91
31136969092.43 1355   stress-ng-cpu  --- stddev: 2097898168.97
30466297487.70 1348   stress-ng-cpu  --- stddev: 2966103034.59
30085399020.16 1343   stress-ng-cpu  --- stddev: 1791013645.14
29866395008.62 1352   stress-ng-cpu  --- stddev: 1221660394.22
29768220151.78 1340   stress-ng-cpu  --- stddev: 1626868799.51
29707830825.46 1354   stress-ng-cpu  --- stddev: 2585609850.51
29583062456.60 1357   stress-ng-cpu  --- stddev: 2243135145.41
29490237045.05 1342   stress-ng-cpu  --- stddev: 2390338486.98
29489067451.90 1353   stress-ng-cpu  --- stddev: 2169036415.69
29467166092.09 1339   stress-ng-cpu  --- stddev: 2141458616.42
29441358967.19 1350   stress-ng-cpu  --- stddev: 2286467455.97
29411354757.41 1356   stress-ng-cpu  --- stddev: 2211548228.66
29396802609.87 1346   stress-ng-cpu  --- stddev: 1804393179.05
29385337552.24 1347   stress-ng-cpu  --- stddev: 2073686618.74
29351800541.90 1360   scheduler_deep --- stddev: 2360813121.77
29176242200.11 1341   stress-ng-cpu  --- stddev: 2248308405.82
29132025783.14 1344   stress-ng-cpu  --- stddev: 3198583928.51
28842897671.84 1338   stress-ng-cpu  --- stddev: 1186219247.53
28167328823.03 1351   stress-ng-cpu  --- stddev: 1576695228.64
27956041800.01 1345   stress-ng-cpu  --- stddev: 2952963459.97
27891826101.85 1349   stress-ng-cpu  --- stddev: 2849228527.48
0.00 426    multipathd     --- stddev: 0.00
-20.00 41     migration/4    --- stddev: 0.00
-21.00 53     migration/6    --- stddev: 0.00
-42.00 29     migration/2    --- stddev: 0.00
-42.00 23     migration/1    --- stddev: 0.00
-62.00 65     migration/8    --- stddev: 0.00
-63.00 35     migration/3    --- stddev: 0.00
-63.00 18     migration/0    --- stddev: 0.00
-166.00 59     migration/7    --- stddev: 0.00
-229.00 47     migration/5    --- stddev: 0.00
-22181.00 71     migration/9    --- stddev: 0.00
