639401280437.22 54     ksoftirqd/6    --- stddev: 54099145789.33
637079448727.44 1062   kworker/6:3    --- stddev: 43687542984.77
628322385815.95 194    kworker/7:1    --- stddev: 47631453802.71
623774285377.06 11     kworker/u20:0  --- stddev: 31654526124.20
622393487499.60 30     ksoftirqd/2    --- stddev: 46607969007.75
620656532397.43 31     kworker/2:0    --- stddev: 42723207494.98
612687582327.26 127    kworker/5:1    --- stddev: 38183097845.62
605598852252.00 60     ksoftirqd/7    --- stddev: 71518421673.76
604169104267.19 8      kworker/0:0    --- stddev: 48508495997.90
599694811554.59 82     kcompactd0     --- stddev: 43963131967.86
597893477643.93 16     ksoftirqd/0    --- stddev: 53581735846.56
593544199877.50 48     ksoftirqd/5    --- stddev: 40869078186.38
590769260274.73 42     ksoftirqd/4    --- stddev: 55005740227.71
590566213661.67 43     kworker/4:0    --- stddev: 46599374351.11
578528388052.00 37     kworker/3:0    --- stddev: 44035741353.76
575056821698.30 105    kworker/u20:2  --- stddev: 44126873546.51
574749375081.90 36     ksoftirqd/3    --- stddev: 61986399129.20
572660135563.58 24     ksoftirqd/1    --- stddev: 35825585600.54
570790043802.74 17     rcu_preempt    --- stddev: 68345662399.99
570673861110.16 579    kworker/8:3    --- stddev: 42763600311.04
568978211134.78 442    kworker/1:3    --- stddev: 41886781985.32
547024984647.47 304    jbd2/sda2-8    --- stddev: 37945245803.03
542714181404.67 72     ksoftirqd/9    --- stddev: 55848447671.18
535570655960.94 134    kworker/9:3    --- stddev: 35526903859.67
535240851130.36 66     ksoftirqd/8    --- stddev: 34264189802.75
40041552989.23 1427   stress-ng-cpu  --- stddev: 1016013550.69
40038286130.27 1436   stress-ng-cpu  --- stddev: 2029897284.57
39840794541.15 1434   stress-ng-cpu  --- stddev: 1051818758.49
39806947116.62 1401   stress-ng-cpu  --- stddev: 1852442442.44
39754007017.64 1419   stress-ng-cpu  --- stddev: 1791202107.58
39493361603.80 1430   stress-ng-cpu  --- stddev: 1053418691.64
39271901795.58 1437   stress-ng-cpu  --- stddev: 1962373877.62
39128880273.33 1440   stress-ng-cpu  --- stddev: 928846247.39
39100261596.10 1407   stress-ng-cpu  --- stddev: 1862195906.30
38986696052.05 1439   stress-ng-cpu  --- stddev: 1556061558.87
38803392468.74 1431   stress-ng-cpu  --- stddev: 1352619123.72
38767669163.69 1409   stress-ng-cpu  --- stddev: 1424869945.50
38561486907.62 1418   stress-ng-cpu  --- stddev: 1839207896.12
38537049669.58 1432   stress-ng-cpu  --- stddev: 1715016894.88
38437034458.92 1417   stress-ng-cpu  --- stddev: 686973894.17
38411297770.49 1429   stress-ng-cpu  --- stddev: 1267704341.61
38400842543.26 1426   stress-ng-cpu  --- stddev: 1570605546.53
38366963202.79 1414   stress-ng-cpu  --- stddev: 1109918183.58
38344110663.03 1444   scheduler_deep --- stddev: 1591033942.61
38328546031.79 1428   stress-ng-cpu  --- stddev: 1715897188.85
38237685030.42 1438   stress-ng-cpu  --- stddev: 991262790.14
38223876578.77 1411   stress-ng-cpu  --- stddev: 1381428223.82
38139067694.50 1405   stress-ng-cpu  --- stddev: 2295656087.95
38113001760.64 1410   stress-ng-cpu  --- stddev: 1094810118.24
38112802390.47 1415   stress-ng-cpu  --- stddev: 1482195665.73
38101534082.98 1423   stress-ng-cpu  --- stddev: 1027471788.83
38085141079.59 1422   stress-ng-cpu  --- stddev: 1584167086.07
38078117659.66 1412   stress-ng-cpu  --- stddev: 811935740.41
38017671790.76 1435   stress-ng-cpu  --- stddev: 989270993.00
37922367447.35 1424   stress-ng-cpu  --- stddev: 1385212358.12
37922154759.83 1406   stress-ng-cpu  --- stddev: 729853915.24
37920722592.40 1416   stress-ng-cpu  --- stddev: 1061569673.91
37813098834.86 1404   stress-ng-cpu  --- stddev: 773015916.64
37790966594.68 1413   stress-ng-cpu  --- stddev: 676888821.14
37750995410.40 1403   stress-ng-cpu  --- stddev: 1840638847.46
37429795096.57 1420   stress-ng-cpu  --- stddev: 816039395.71
37407064127.83 1433   stress-ng-cpu  --- stddev: 1312437594.44
37334073181.96 1421   stress-ng-cpu  --- stddev: 1642916485.47
37303889943.93 1408   stress-ng-cpu  --- stddev: 1356287137.43
37182424587.53 1425   stress-ng-cpu  --- stddev: 1146893515.86
37103920943.48 1402   stress-ng-cpu  --- stddev: 1222141226.78
148712340.79 371    journal-offlin --- stddev: 69321085.83
133708385.86 1366   GUsbEventThrea --- stddev: 407927.46
0.00 426    multipathd     --- stddev: 0.00
-20.00 41     migration/4    --- stddev: 0.00
-21.00 53     migration/6    --- stddev: 0.00
-42.00 29     migration/2    --- stddev: 0.00
-42.00 23     migration/1    --- stddev: 0.00
-62.00 65     migration/8    --- stddev: 0.00
-63.00 35     migration/3    --- stddev: 0.00
-63.00 18     migration/0    --- stddev: 0.00
-166.00 59     migration/7    --- stddev: 0.00
-229.00 47     migration/5    --- stddev: 0.00
-22181.00 71     migration/9    --- stddev: 0.00
